Archive member included to satisfy reference by file (symbol)

c:/st/stm32cubeide_1.8.0/stm32cubeide/plugins/com.st.stm32cube.ide.mcu.externaltools.gnu-tools-for-stm32.10.3-2021.10.win32_1.0.200.202301161003/tools/bin/../lib/gcc/arm-none-eabi/10.3.1/../../../../arm-none-eabi/lib/thumb/v7e-m+fp/hard\libc_nano.a(lib_a-errno.o)
                              ./Core/Src/syscalls.o (__errno)
c:/st/stm32cubeide_1.8.0/stm32cubeide/plugins/com.st.stm32cube.ide.mcu.externaltools.gnu-tools-for-stm32.10.3-2021.10.win32_1.0.200.202301161003/tools/bin/../lib/gcc/arm-none-eabi/10.3.1/../../../../arm-none-eabi/lib/thumb/v7e-m+fp/hard\libc_nano.a(lib_a-exit.o)
                              c:/st/stm32cubeide_1.8.0/stm32cubeide/plugins/com.st.stm32cube.ide.mcu.externaltools.gnu-tools-for-stm32.10.3-2021.10.win32_1.0.200.202301161003/tools/bin/../lib/gcc/arm-none-eabi/10.3.1/../../../../arm-none-eabi/lib/thumb/v7e-m+fp/hard/crt0.o (exit)
c:/st/stm32cubeide_1.8.0/stm32cubeide/plugins/com.st.stm32cube.ide.mcu.externaltools.gnu-tools-for-stm32.10.3-2021.10.win32_1.0.200.202301161003/tools/bin/../lib/gcc/arm-none-eabi/10.3.1/../../../../arm-none-eabi/lib/thumb/v7e-m+fp/hard\libc_nano.a(lib_a-impure.o)
                              c:/st/stm32cubeide_1.8.0/stm32cubeide/plugins/com.st.stm32cube.ide.mcu.externaltools.gnu-tools-for-stm32.10.3-2021.10.win32_1.0.200.202301161003/tools/bin/../lib/gcc/arm-none-eabi/10.3.1/../../../../arm-none-eabi/lib/thumb/v7e-m+fp/hard\libc_nano.a(lib_a-exit.o) (_global_impure_ptr)
c:/st/stm32cubeide_1.8.0/stm32cubeide/plugins/com.st.stm32cube.ide.mcu.externaltools.gnu-tools-for-stm32.10.3-2021.10.win32_1.0.200.202301161003/tools/bin/../lib/gcc/arm-none-eabi/10.3.1/../../../../arm-none-eabi/lib/thumb/v7e-m+fp/hard\libc_nano.a(lib_a-init.o)
                              c:/st/stm32cubeide_1.8.0/stm32cubeide/plugins/com.st.stm32cube.ide.mcu.externaltools.gnu-tools-for-stm32.10.3-2021.10.win32_1.0.200.202301161003/tools/bin/../lib/gcc/arm-none-eabi/10.3.1/../../../../arm-none-eabi/lib/thumb/v7e-m+fp/hard/crt0.o (__libc_init_array)
c:/st/stm32cubeide_1.8.0/stm32cubeide/plugins/com.st.stm32cube.ide.mcu.externaltools.gnu-tools-for-stm32.10.3-2021.10.win32_1.0.200.202301161003/tools/bin/../lib/gcc/arm-none-eabi/10.3.1/../../../../arm-none-eabi/lib/thumb/v7e-m+fp/hard\libc_nano.a(lib_a-memset.o)
                              c:/st/stm32cubeide_1.8.0/stm32cubeide/plugins/com.st.stm32cube.ide.mcu.externaltools.gnu-tools-for-stm32.10.3-2021.10.win32_1.0.200.202301161003/tools/bin/../lib/gcc/arm-none-eabi/10.3.1/../../../../arm-none-eabi/lib/thumb/v7e-m+fp/hard/crt0.o (memset)
c:/st/stm32cubeide_1.8.0/stm32cubeide/plugins/com.st.stm32cube.ide.mcu.externaltools.gnu-tools-for-stm32.10.3-2021.10.win32_1.0.200.202301161003/tools/bin/../lib/gcc/arm-none-eabi/10.3.1/../../../../arm-none-eabi/lib/thumb/v7e-m+fp/hard\libc_nano.a(lib_a-strcmp.o)
                              ./Core/Src/main.o (strcmp)
c:/st/stm32cubeide_1.8.0/stm32cubeide/plugins/com.st.stm32cube.ide.mcu.externaltools.gnu-tools-for-stm32.10.3-2021.10.win32_1.0.200.202301161003/tools/bin/../lib/gcc/arm-none-eabi/10.3.1/thumb/v7e-m+fp/hard\libgcc.a(_aeabi_ldivmod.o)
                              ./Drivers/STM32F4xx_HAL_Driver/Src/stm32f4xx_hal_rcc.o (__aeabi_ldivmod)
c:/st/stm32cubeide_1.8.0/stm32cubeide/plugins/com.st.stm32cube.ide.mcu.externaltools.gnu-tools-for-stm32.10.3-2021.10.win32_1.0.200.202301161003/tools/bin/../lib/gcc/arm-none-eabi/10.3.1/thumb/v7e-m+fp/hard\libgcc.a(_aeabi_uldivmod.o)
                              ./Drivers/STM32F4xx_HAL_Driver/Src/stm32f4xx_hal_rcc.o (__aeabi_uldivmod)
c:/st/stm32cubeide_1.8.0/stm32cubeide/plugins/com.st.stm32cube.ide.mcu.externaltools.gnu-tools-for-stm32.10.3-2021.10.win32_1.0.200.202301161003/tools/bin/../lib/gcc/arm-none-eabi/10.3.1/thumb/v7e-m+fp/hard\libgcc.a(_udivmoddi4.o)
                              c:/st/stm32cubeide_1.8.0/stm32cubeide/plugins/com.st.stm32cube.ide.mcu.externaltools.gnu-tools-for-stm32.10.3-2021.10.win32_1.0.200.202301161003/tools/bin/../lib/gcc/arm-none-eabi/10.3.1/thumb/v7e-m+fp/hard\libgcc.a(_aeabi_ldivmod.o) (__udivmoddi4)
c:/st/stm32cubeide_1.8.0/stm32cubeide/plugins/com.st.stm32cube.ide.mcu.externaltools.gnu-tools-for-stm32.10.3-2021.10.win32_1.0.200.202301161003/tools/bin/../lib/gcc/arm-none-eabi/10.3.1/thumb/v7e-m+fp/hard\libgcc.a(_dvmd_tls.o)
                              c:/st/stm32cubeide_1.8.0/stm32cubeide/plugins/com.st.stm32cube.ide.mcu.externaltools.gnu-tools-for-stm32.10.3-2021.10.win32_1.0.200.202301161003/tools/bin/../lib/gcc/arm-none-eabi/10.3.1/thumb/v7e-m+fp/hard\libgcc.a(_aeabi_ldivmod.o) (__aeabi_ldiv0)

Discarded input sections

 .text          0x0000000000000000        0x0 c:/st/stm32cubeide_1.8.0/stm32cubeide/plugins/com.st.stm32cube.ide.mcu.externaltools.gnu-tools-for-stm32.10.3-2021.10.win32_1.0.200.202301161003/tools/bin/../lib/gcc/arm-none-eabi/10.3.1/thumb/v7e-m+fp/hard/crti.o
[...]
Memory Configuration

Name             Origin             Length             Attributes
RAM              0x0000000020000000 0x0000000000020000 xrw
FLASH            0x0000000008000000 0x0000000000080000 xr
*default*        0x0000000000000000 0xffffffffffffffff

Linker script and memory map

LOAD c:/st/stm32cubeide_1.8.0/stm32cubeide/plugins/com.st.stm32cube.ide.mcu.externaltools.gnu-tools-for-stm32.10.3-2021.10.win32_1.0.200.202301161003/tools/bin/../lib/gcc/arm-none-eabi/10.3.1/thumb/v7e-m+fp/hard/crti.o
LOAD c:/st/stm32cubeide_1.8.0/stm32cubeide/plugins/com.st.stm32cube.ide.mcu.externaltools.gnu-tools-for-stm32.10.3-2021.10.win32_1.0.200.202301161003/tools/bin/../lib/gcc/arm-none-eabi/10.3.1/thumb/v7e-m+fp/hard/crtbegin.o
LOAD c:/st/stm32cubeide_1.8.0/stm32cubeide/plugins/com.st.stm32cube.ide.mcu.externaltools.gnu-tools-for-stm32.10.3-2021.10.win32_1.0.200.202301161003/tools/bin/../lib/gcc/arm-none-eabi/10.3.1/../../../../arm-none-eabi/lib/thumb/v7e-m+fp/hard/crt0.o
LOAD ./Core/Src/main.o
LOAD ./Core/Src/stm32f4xx_hal_msp.o
LOAD ./Core/Src/stm32f4xx_it.o
LOAD ./Core/Src/syscalls.o
LOAD ./Core/Src/sysmem.o
LOAD ./Core/Src/system_stm32f4xx.o
LOAD ./Core/Startup/startup_stm32f411retx.o
LOAD ./Drivers/STM32F4xx_HAL_Driver/Src/stm32f4xx_hal.o
LOAD ./Drivers/STM32F4xx_HAL_Driver/Src/stm32f4xx_hal_cortex.o
LOAD ./Drivers/STM32F4xx_HAL_Driver/Src/stm32f4xx_hal_crc.o
LOAD ./Drivers/STM32F4xx_HAL_Driver/Src/stm32f4xx_hal_dma.o
LOAD ./Drivers/STM32F4xx_HAL_Driver/Src/stm32f4xx_hal_dma_ex.o
LOAD ./Drivers/STM32F4xx_HAL_Driver/Src/stm32f4xx_hal_exti.o
LOAD ./Drivers/STM32F4xx_HAL_Driver/Src/stm32f4xx_hal_flash.o
LOAD ./Drivers/STM32F4xx_HAL_Driver/Src/stm32f4xx_hal_flash_ex.o
LOAD ./Drivers/STM32F4xx_HAL_Driver/Src/stm32f4xx_hal_flash_ramfunc.o
LOAD ./Drivers/STM32F4xx_HAL_Driver/Src/stm32f4xx_hal_gpio.o
LOAD ./Drivers/STM32F4xx_HAL_Driver/Src/stm32f4xx_hal_pwr.o
LOAD ./Drivers/STM32F4xx_HAL_Driver/Src/stm32f4xx_hal_pwr_ex.o
LOAD ./Drivers/STM32F4xx_HAL_Driver/Src/stm32f4xx_hal_rcc.o
LOAD ./Drivers/STM32F4xx_HAL_Driver/Src/stm32f4xx_hal_rcc_ex.o
LOAD ./Drivers/STM32F4xx_HAL_Driver/Src/stm32f4xx_hal_tim.o
LOAD ./Drivers/STM32F4xx_HAL_Driver/Src/stm32f4xx_hal_tim_ex.o
LOAD ./Drivers/STM32F4xx_HAL_Driver/Src/stm32f4xx_hal_uart.o
LOAD ./bootsrc/common.o
LOAD ./bootsrc/flash_if.o
LOAD ./bootsrc/menu.o
LOAD ./bootsrc/ymodem.o
START GROUP
LOAD c:/st/stm32cubeide_1.8.0/stm32cubeide/plugins/com.st.stm32cube.ide.mcu.externaltools.gnu-tools-for-stm32.10.3-2021.10.win32_1.0.200.202301161003/tools/bin/../lib/gcc/arm-none-eabi/10.3.1/../../../../arm-none-eabi/lib/thumb/v7e-m+fp/hard\libc_nano.a
LOAD c:/st/stm32cubeide_1.8.0/stm32cubeide/plugins/com.st.stm32cube.ide.mcu.externaltools.gnu-tools-for-stm32.10.3-2021.10.win32_1.0.200.202301161003/tools/bin/../lib/gcc/arm-none-eabi/10.3.1/../../../../arm-none-eabi/lib/thumb/v7e-m+fp/hard\libm.a
END GROUP
START GROUP
LOAD c:/st/stm32cubeide_1.8.0/stm32cubeide/plugins/com.st.stm32cube.ide.mcu.externaltools.gnu-tools-for-stm32.10.3-2021.10.win32_1.0.200.202301161003/tools/bin/../lib/gcc/arm-none-eabi/10.3.1/thumb/v7e-m+fp/hard\libgcc.a
LOAD c:/st/stm32cubeide_1.8.0/stm32cubeide/plugins/com.st.stm32cube.ide.mcu.externaltools.gnu-tools-for-stm32.10.3-2021.10.win32_1.0.200.202301161003/tools/bin/../lib/gcc/arm-none-eabi/10.3.1/../../../../arm-none-eabi/lib/thumb/v7e-m+fp/hard\libc_nano.a
END GROUP
START GROUP
LOAD c:/st/stm32cubeide_1.8.0/stm32cubeide/plugins/com.st.stm32cube.ide.mcu.externaltools.gnu-tools-for-stm32.10.3-2021.10.win32_1.0.200.202301161003/tools/bin/../lib/gcc/arm-none-eabi/10.3.1/thumb/v7e-m+fp/hard\libgcc.a
LOAD c:/st/stm32cubeide_1.8.0/stm32cubeide/plugins/com.st.stm32cube.ide.mcu.externaltools.gnu-tools-for-stm32.10.3-2021.10.win32_1.0.200.202301161003/tools/bin/../lib/gcc/arm-none-eabi/10.3.1/../../../../arm-none-eabi/lib/thumb/v7e-m+fp/hard\libc_nano.a
LOAD c:/st/stm32cubeide_1.8.0/stm32cubeide/plugins/com.st.stm32cube.ide.mcu.externaltools.gnu-tools-for-stm32.10.3-2021.10.win32_1.0.200.202301161003/tools/bin/../lib/gcc/arm-none-eabi/10.3.1/../../../../arm-none-eabi/lib/thumb/v7e-m+fp/hard\libnosys.a
END GROUP
START GROUP
LOAD c:/st/stm32cubeide_1.8.0/stm32cubeide/plugins/com.st.stm32cube.ide.mcu.externaltools.gnu-tools-for-stm32.10.3-2021.10.win32_1.0.200.202301161003/tools/bin/../lib/gcc/arm-none-eabi/10.3.1/thumb/v7e-m+fp/hard\libgcc.a
LOAD c:/st/stm32cubeide_1.8.0/stm32cubeide/plugins/com.st.stm32cube.ide.mcu.externaltools.gnu-tools-for-stm32.10.3-2021.10.win32_1.0.200.202301161003/tools/bin/../lib/gcc/arm-none-eabi/10.3.1/../../../../arm-none-eabi/lib/thumb/v7e-m+fp/hard\libc_nano.a
LOAD c:/st/stm32cubeide_1.8.0/stm32cubeide/plugins/com.st.stm32cube.ide.mcu.externaltools.gnu-tools-for-stm32.10.3-2021.10.win32_1.0.200.202301161003/tools/bin/../lib/gcc/arm-none-eabi/10.3.1/../../../../arm-none-eabi/lib/thumb/v7e-m+fp/hard\libnosys.a
END GROUP
LOAD c:/st/stm32cubeide_1.8.0/stm32cubeide/plugins/com.st.stm32cube.ide.mcu.externaltools.gnu-tools-for-stm32.10.3-2021.10.win32_1.0.200.202301161003/tools/bin/../lib/gcc/arm-none-eabi/10.3.1/thumb/v7e-m+fp/hard/crtend.o
LOAD c:/st/stm32cubeide_1.8.0/stm32cubeide/plugins/com.st.stm32cube.ide.mcu.externaltools.gnu-tools-for-stm32.10.3-2021.10.win32_1.0.200.202301161003/tools/bin/../lib/gcc/arm-none-eabi/10.3.1/thumb/v7e-m+fp/hard/crtn.o
                0x0000000020020000                _estack = (ORIGIN (RAM) + LENGTH (RAM))
                0x0000000000000200                _Min_Heap_Size = 0x200
                0x0000000000000400                _Min_Stack_Size = 0x400

.isr_vector     0x0000000008000000      0x198
                0x0000000008000000                . = ALIGN (0x4)
 *(.isr_vector)
 .isr_vector    0x0000000008000000      0x198 ./Core/Startup/startup_stm32f411retx.o
                0x0000000008000000                g_pfnVectors
                0x0000000008000198                . = ALIGN (0x4)

.text           0x0000000008000198     0x2100
                0x0000000008000198                . = ALIGN (0x4)
 *(.text)
 .text          0x0000000008000198       0x40 c:/st/stm32cubeide_1.8.0/stm32cubeide/plugins/com.st.stm32cube.ide.mcu.externaltools.gnu-tools-for-stm32.10.3-2021.10.win32_1.0.200.202301161003/tools/bin/../lib/gcc/arm-none-eabi/10.3.1/thumb/v7e-m+fp/hard/crtbegin.o
 .text          0x00000000080001d8       0x14 c:/st/stm32cubeide_1.8.0/stm32cubeide/plugins/com.st.stm32cube.ide.mcu.externaltools.gnu-tools-for-stm32.10.3-2021.10.win32_1.0.200.202301161003/tools/bin/../lib/gcc/arm-none-eabi/10.3.1/../../../../arm-none-eabi/lib/thumb/v7e-m+fp/hard\libc_nano.a(lib_a-strcmp.o)
                0x00000000080001d8                strcmp
 .text          0x00000000080001ec       0x30 c:/st/stm32cubeide_1.8.0/stm32cubeide/plugins/com.st.stm32cube.ide.mcu.externaltools.gnu-tools-for-stm32.10.3-2021.10.win32_1.0.200.202301161003/tools/bin/../lib/gcc/arm-none-eabi/10.3.1/thumb/v7e-m+fp/hard\libgcc.a(_aeabi_uldivmod.o)
                0x00000000080001ec                __aeabi_uldivmod
 .text          0x000000000800021c      0x2d0 c:/st/stm32cubeide_1.8.0/stm32cubeide/plugins/com.st.stm32cube.ide.mcu.externaltools.gnu-tools-for-stm32.10.3-2021.10.win32_1.0.200.202301161003/tools/bin/../lib/gcc/arm-none-eabi/10.3.1/thumb/v7e-m+fp/hard\libgcc.a(_udivmoddi4.o)
                0x000000000800021c                __udivmoddi4
 .text          0x00000000080004ec        0x4 c:/st/stm32cubeide_1.8.0/stm32cubeide/plugins/com.st.stm32cube.ide.mcu.externaltools.gnu-tools-for-stm32.10.3-2021.10.win32_1.0.200.202301161003/tools/bin/../lib/gcc/arm-none-eabi/10.3.1/thumb/v7e-m+fp/hard\libgcc.a(_dvmd_tls.o)
                0x00000000080004ec                __aeabi_idiv0
                0x00000000080004ec                __aeabi_ldiv0
 *(.text*)
 .text.SystemClock_Config
                0x00000000080004f0       0x9c ./Core/Src/main.o
                0x00000000080004f0                SystemClock_Config
 .text.startup.main
                0x000000000800058c      0x174 ./Core/Src/main.o
                0x000000000800058c                main
 .text.HAL_MspInit
                0x0000000008000700       0x3c ./Core/Src/stm32f4xx_hal_msp.o
                0x0000000008000700                HAL_MspInit
 .text.HAL_CRC_MspInit
                0x000000000800073c       0x30 ./Core/Src/stm32f4xx_hal_msp.o
                0x000000000800073c                HAL_CRC_MspInit
 .text.HAL_UART_MspInit
                0x000000000800076c       0x6c ./Core/Src/stm32f4xx_hal_msp.o
                0x000000000800076c                HAL_UART_MspInit
 .text.NMI_Handler
                0x00000000080007d8        0x2 ./Core/Src/stm32f4xx_it.o
                0x00000000080007d8                NMI_Handler
 .text.HardFault_Handler
                0x00000000080007da        0x2 ./Core/Src/stm32f4xx_it.o
                0x00000000080007da                HardFault_Handler
 .text.MemManage_Handler
                0x00000000080007dc        0x2 ./Core/Src/stm32f4xx_it.o
                0x00000000080007dc                MemManage_Handler
 .text.BusFault_Handler
                0x00000000080007de        0x2 ./Core/Src/stm32f4xx_it.o
                0x00000000080007de                BusFault_Handler
 .text.UsageFault_Handler
                0x00000000080007e0        0x2 ./Core/Src/stm32f4xx_it.o
                0x00000000080007e0                UsageFault_Handler
 .text.SVC_Handler
                0x00000000080007e2        0x2 ./Core/Src/stm32f4xx_it.o
                0x00000000080007e2                SVC_Handler
 .text.DebugMon_Handler
                0x00000000080007e4        0x2 ./Core/Src/stm32f4xx_it.o
                0x00000000080007e4                DebugMon_Handler
 .text.PendSV_Handler
                0x00000000080007e6        0x2 ./Core/Src/stm32f4xx_it.o
                0x00000000080007e6                PendSV_Handler
 .text.SysTick_Handler
                0x00000000080007e8        0x4 ./Core/Src/stm32f4xx_it.o
                0x00000000080007e8                SysTick_Handler
 .text.SystemInit
                0x00000000080007ec       0x14 ./Core/Src/system_stm32f4xx.o
                0x00000000080007ec                SystemInit
 .text.Reset_Handler
                0x0000000008000800       0x50 ./Core/Startup/startup_stm32f411retx.o
                0x0000000008000800                Reset_Handler
 .text.Default_Handler
                0x0000000008000850        0x2 ./Core/Startup/startup_stm32f411retx.o
                0x0000000008000850                RTC_Alarm_IRQHandler
                0x0000000008000850                EXTI2_IRQHandler
                0x0000000008000850                SPI4_IRQHandler
                0x0000000008000850                TIM1_CC_IRQHandler
                0x0000000008000850                DMA2_Stream5_IRQHandler
                0x0000000008000850                DMA1_Stream5_IRQHandler
                0x0000000008000850                PVD_IRQHandler
                0x0000000008000850                SDIO_IRQHandler
                0x0000000008000850                TAMP_STAMP_IRQHandler
                0x0000000008000850                EXTI3_IRQHandler
                0x0000000008000850                TIM1_UP_TIM10_IRQHandler
                0x0000000008000850                I2C3_ER_IRQHandler
                0x0000000008000850                EXTI0_IRQHandler
                0x0000000008000850                I2C2_EV_IRQHandler
                0x0000000008000850                DMA1_Stream2_IRQHandler
                0x0000000008000850                FPU_IRQHandler
                0x0000000008000850                DMA2_Stream2_IRQHandler
                0x0000000008000850                SPI1_IRQHandler
                0x0000000008000850                TIM1_BRK_TIM9_IRQHandler
                0x0000000008000850                DMA2_Stream3_IRQHandler
                0x0000000008000850                USART6_IRQHandler
                0x0000000008000850                DMA2_Stream0_IRQHandler
                0x0000000008000850                TIM4_IRQHandler
                0x0000000008000850                I2C1_EV_IRQHandler
                0x0000000008000850                DMA1_Stream6_IRQHandler
                0x0000000008000850                DMA1_Stream1_IRQHandler
                0x0000000008000850                TIM3_IRQHandler
                0x0000000008000850                RCC_IRQHandler
                0x0000000008000850                Default_Handler
                0x0000000008000850                EXTI15_10_IRQHandler
                0x0000000008000850                ADC_IRQHandler
                0x0000000008000850                DMA1_Stream7_IRQHandler
                0x0000000008000850                SPI5_IRQHandler
                0x0000000008000850                TIM5_IRQHandler
                0x0000000008000850                DMA2_Stream7_IRQHandler
                0x0000000008000850                I2C3_EV_IRQHandler
                0x0000000008000850                EXTI9_5_IRQHandler
                0x0000000008000850                RTC_WKUP_IRQHandler
                0x0000000008000850                SPI2_IRQHandler
                0x0000000008000850                DMA1_Stream0_IRQHandler
                0x0000000008000850                EXTI4_IRQHandler
                0x0000000008000850                WWDG_IRQHandler
                0x0000000008000850                TIM2_IRQHandler
                0x0000000008000850                OTG_FS_WKUP_IRQHandler
                0x0000000008000850                TIM1_TRG_COM_TIM11_IRQHandler
                0x0000000008000850                EXTI1_IRQHandler
                0x0000000008000850                USART2_IRQHandler
                0x0000000008000850                I2C2_ER_IRQHandler
                0x0000000008000850                DMA2_Stream1_IRQHandler
                0x0000000008000850                FLASH_IRQHandler
                0x0000000008000850                DMA2_Stream4_IRQHandler
                0x0000000008000850                USART1_IRQHandler
                0x0000000008000850                OTG_FS_IRQHandler
                0x0000000008000850                SPI3_IRQHandler
                0x0000000008000850                DMA1_Stream4_IRQHandler
                0x0000000008000850                I2C1_ER_IRQHandler
                0x0000000008000850                DMA2_Stream6_IRQHandler
                0x0000000008000850                DMA1_Stream3_IRQHandler
 *fill*         0x0000000008000852        0x2 
 .text.HAL_InitTick
                0x0000000008000854       0x48 ./Drivers/STM32F4xx_HAL_Driver/Src/stm32f4xx_hal.o
                0x0000000008000854                HAL_InitTick
 .text.HAL_Init
                0x000000000800089c       0x34 ./Drivers/STM32F4xx_HAL_Driver/Src/stm32f4xx_hal.o
                0x000000000800089c                HAL_Init
 .text.HAL_IncTick
                0x00000000080008d0       0x18 ./Drivers/STM32F4xx_HAL_Driver/Src/stm32f4xx_hal.o
                0x00000000080008d0                HAL_IncTick
 .text.HAL_GetTick
                0x00000000080008e8        0xc ./Drivers/STM32F4xx_HAL_Driver/Src/stm32f4xx_hal.o
                0x00000000080008e8                HAL_GetTick
 .text.HAL_Delay
                0x00000000080008f4       0x28 ./Drivers/STM32F4xx_HAL_Driver/Src/stm32f4xx_hal.o
                0x00000000080008f4                HAL_Delay
 .text.HAL_NVIC_SetPriorityGrouping
                0x000000000800091c       0x24 ./Drivers/STM32F4xx_HAL_Driver/Src/stm32f4xx_hal_cortex.o
                0x000000000800091c                HAL_NVIC_SetPriorityGrouping
 .text.HAL_NVIC_SetPriority
                0x0000000008000940       0x64 ./Drivers/STM32F4xx_HAL_Driver/Src/stm32f4xx_hal_cortex.o
                0x0000000008000940                HAL_NVIC_SetPriority
 .text.HAL_SYSTICK_Config
                0x00000000080009a4       0x28 ./Drivers/STM32F4xx_HAL_Driver/Src/stm32f4xx_hal_cortex.o
                0x00000000080009a4                HAL_SYSTICK_Config
 .text.HAL_CRC_Init
                0x00000000080009cc       0x20 ./Drivers/STM32F4xx_HAL_Driver/Src/stm32f4xx_hal_crc.o
                0x00000000080009cc                HAL_CRC_Init
 .text.FLASH_Program_DoubleWord
                0x00000000080009ec       0x2c ./Drivers/STM32F4xx_HAL_Driver/Src/stm32f4xx_hal_flash.o
 .text.FLASH_Program_Word
                0x0000000008000a18       0x24 ./Drivers/STM32F4xx_HAL_Driver/Src/stm32f4xx_hal_flash.o
 .text.FLASH_Program_HalfWord
                0x0000000008000a3c       0x24 ./Drivers/STM32F4xx_HAL_Driver/Src/stm32f4xx_hal_flash.o
 .text.FLASH_SetErrorCode
                0x0000000008000a60       0x8c ./Drivers/STM32F4xx_HAL_Driver/Src/stm32f4xx_hal_flash.o
 .text.HAL_FLASH_Unlock
                0x0000000008000aec       0x24 ./Drivers/STM32F4xx_HAL_Driver/Src/stm32f4xx_hal_flash.o
                0x0000000008000aec                HAL_FLASH_Unlock
 .text.HAL_FLASH_Lock
                0x0000000008000b10       0x14 ./Drivers/STM32F4xx_HAL_Driver/Src/stm32f4xx_hal_flash.o
                0x0000000008000b10                HAL_FLASH_Lock
 .text.HAL_FLASH_OB_Unlock
                0x0000000008000b24       0x24 ./Drivers/STM32F4xx_HAL_Driver/Src/stm32f4xx_hal_flash.o
                0x0000000008000b24                HAL_FLASH_OB_Unlock
 .text.FLASH_WaitForLastOperation
                0x0000000008000b48       0x50 ./Drivers/STM32F4xx_HAL_Driver/Src/stm32f4xx_hal_flash.o
                0x0000000008000b48                FLASH_WaitForLastOperation
 .text.HAL_FLASH_Program
                0x0000000008000b98       0x8c ./Drivers/STM32F4xx_HAL_Driver/Src/stm32f4xx_hal_flash.o
                0x0000000008000b98                HAL_FLASH_Program
 .text.HAL_FLASH_OB_Launch
                0x0000000008000c24       0x18 ./Drivers/STM32F4xx_HAL_Driver/Src/stm32f4xx_hal_flash.o
                0x0000000008000c24                HAL_FLASH_OB_Launch
 .text.FLASH_MassErase.constprop.0
                0x0000000008000c3c       0x24 ./Drivers/STM32F4xx_HAL_Driver/Src/stm32f4xx_hal_flash_ex.o
 .text.HAL_FLASHEx_OBProgram
                0x0000000008000c60       0xb0 ./Drivers/STM32F4xx_HAL_Driver/Src/stm32f4xx_hal_flash_ex.o
                0x0000000008000c60                HAL_FLASHEx_OBProgram
 .text.HAL_FLASHEx_OBGetConfig
                0x0000000008000d10       0x34 ./Drivers/STM32F4xx_HAL_Driver/Src/stm32f4xx_hal_flash_ex.o
                0x0000000008000d10                HAL_FLASHEx_OBGetConfig
 .text.HAL_FLASHEx_OB_DeSelectPCROP
                0x0000000008000d44       0x14 ./Drivers/STM32F4xx_HAL_Driver/Src/stm32f4xx_hal_flash_ex.o
                0x0000000008000d44                HAL_FLASHEx_OB_DeSelectPCROP
 .text.FLASH_Erase_Sector
                0x0000000008000d58       0x4c ./Drivers/STM32F4xx_HAL_Driver/Src/stm32f4xx_hal_flash_ex.o
                0x0000000008000d58                FLASH_Erase_Sector
 .text.FLASH_FlushCaches
                0x0000000008000da4       0x58 ./Drivers/STM32F4xx_HAL_Driver/Src/stm32f4xx_hal_flash_ex.o
                0x0000000008000da4                FLASH_FlushCaches
 .text.HAL_FLASHEx_Erase
                0x0000000008000dfc       0xa0 ./Drivers/STM32F4xx_HAL_Driver/Src/stm32f4xx_hal_flash_ex.o
                0x0000000008000dfc                HAL_FLASHEx_Erase
 .text.HAL_GPIO_Init
                0x0000000008000e9c      0x190 ./Drivers/STM32F4xx_HAL_Driver/Src/stm32f4xx_hal_gpio.o
                0x0000000008000e9c                HAL_GPIO_Init
 .text.HAL_GPIO_ReadPin
                0x000000000800102c        0xc ./Drivers/STM32F4xx_HAL_Driver/Src/stm32f4xx_hal_gpio.o
                0x000000000800102c                HAL_GPIO_ReadPin
 .text.HAL_GPIO_WritePin
                0x0000000008001038        0xa ./Drivers/STM32F4xx_HAL_Driver/Src/stm32f4xx_hal_gpio.o
                0x0000000008001038                HAL_GPIO_WritePin
 *fill*         0x0000000008001042        0x2 
 .text.HAL_RCC_OscConfig
                0x0000000008001044      0x360 ./Drivers/STM32F4xx_HAL_Driver/Src/stm32f4xx_hal_rcc.o
                0x0000000008001044                HAL_RCC_OscConfig
 .text.HAL_RCC_GetSysClockFreq
                0x00000000080013a4       0x5c ./Drivers/STM32F4xx_HAL_Driver/Src/stm32f4xx_hal_rcc.o
                0x00000000080013a4                HAL_RCC_GetSysClockFreq
 .text.HAL_RCC_ClockConfig
                0x0000000008001400      0x138 ./Drivers/STM32F4xx_HAL_Driver/Src/stm32f4xx_hal_rcc.o
                0x0000000008001400                HAL_RCC_ClockConfig
 .text.HAL_RCC_GetPCLK1Freq
                0x0000000008001538       0x20 ./Drivers/STM32F4xx_HAL_Driver/Src/stm32f4xx_hal_rcc.o
                0x0000000008001538                HAL_RCC_GetPCLK1Freq
 .text.HAL_RCC_GetPCLK2Freq
                0x0000000008001558       0x20 ./Drivers/STM32F4xx_HAL_Driver/Src/stm32f4xx_hal_rcc.o
                0x0000000008001558                HAL_RCC_GetPCLK2Freq
 .text.UART_SetConfig
                0x0000000008001578       0xbc ./Drivers/STM32F4xx_HAL_Driver/Src/stm32f4xx_hal_uart.o
 .text.UART_WaitOnFlagUntilTimeout.constprop.0
                0x0000000008001634       0x6c ./Drivers/STM32F4xx_HAL_Driver/Src/stm32f4xx_hal_uart.o
 .text.HAL_UART_Init
                0x00000000080016a0       0x5c ./Drivers/STM32F4xx_HAL_Driver/Src/stm32f4xx_hal_uart.o
                0x00000000080016a0                HAL_UART_Init
 .text.HAL_UART_Transmit
                0x00000000080016fc       0xaa ./Drivers/STM32F4xx_HAL_Driver/Src/stm32f4xx_hal_uart.o
                0x00000000080016fc                HAL_UART_Transmit
 .text.HAL_UART_Receive
                0x00000000080017a6       0xb8 ./Drivers/STM32F4xx_HAL_Driver/Src/stm32f4xx_hal_uart.o
                0x00000000080017a6                HAL_UART_Receive
 *fill*         0x000000000800185e        0x2 
 .text.Int2Str  0x0000000008001860       0x34 ./bootsrc/common.o
                0x0000000008001860                Int2Str
 .text.Str2Int  0x0000000008001894       0xa4 ./bootsrc/common.o
                0x0000000008001894                Str2Int
 .text.Serial_PutString
                0x0000000008001938       0x1c ./bootsrc/common.o
                0x0000000008001938                Serial_PutString
 .text.Serial_PutByte
                0x0000000008001954       0x30 ./bootsrc/common.o
                0x0000000008001954                Serial_PutByte
 .text.FLASH_If_Init
                0x0000000008001984       0x18 ./bootsrc/flash_if.o
                0x0000000008001984                FLASH_If_Init
 .text.FLASH_If_Erase
                0x000000000800199c       0x32 ./bootsrc/flash_if.o
                0x000000000800199c                FLASH_If_Erase
 *fill*         0x00000000080019ce        0x2 
 .text.FLASH_If_Write
                0x00000000080019d0       0x54 ./bootsrc/flash_if.o
                0x00000000080019d0                FLASH_If_Write
 .text.FLASH_If_GetWriteProtectionStatus
                0x0000000008001a24       0x24 ./bootsrc/flash_if.o
                0x0000000008001a24                FLASH_If_GetWriteProtectionStatus
 .text.FLASH_If_WriteProtectionConfig
                0x0000000008001a48       0x48 ./bootsrc/flash_if.o
                0x0000000008001a48                FLASH_If_WriteProtectionConfig
 .text.SerialDownload
                0x0000000008001a90       0x90 ./bootsrc/menu.o
                0x0000000008001a90                SerialDownload
 .text.SerialUpload
                0x0000000008001b20       0x60 ./bootsrc/menu.o
                0x0000000008001b20                SerialUpload
 .text.Main_Menu
                0x0000000008001b80      0x15c ./bootsrc/menu.o
                0x0000000008001b80                Main_Menu
 .text.UpdateCRC16
                0x0000000008001cdc       0x20 ./bootsrc/ymodem.o
                0x0000000008001cdc                UpdateCRC16
 .text.Cal_CRC16
                0x0000000008001cfc       0x28 ./bootsrc/ymodem.o
                0x0000000008001cfc                Cal_CRC16
 .text.Ymodem_Receive
                0x0000000008001d24      0x234 ./bootsrc/ymodem.o
                0x0000000008001d24                Ymodem_Receive
 .text.Ymodem_Transmit
                0x0000000008001f58      0x2d0 ./bootsrc/ymodem.o
                0x0000000008001f58                Ymodem_Transmit
 .text.__libc_init_array
                0x0000000008002228       0x48 c:/st/stm32cubeide_1.8.0/stm32cubeide/plugins/com.st.stm32cube.ide.mcu.externaltools.gnu-tools-for-stm32.10.3-2021.10.win32_1.0.200.202301161003/tools/bin/../lib/gcc/arm-none-eabi/10.3.1/../../../../arm-none-eabi/lib/thumb/v7e-m+fp/hard\libc_nano.a(lib_a-init.o)
                0x0000000008002228                __libc_init_array
 .text.memset   0x0000000008002270       0x10 c:/st/stm32cubeide_1.8.0/stm32cubeide/plugins/com.st.stm32cube.ide.mcu.externaltools.gnu-tools-for-stm32.10.3-2021.10.win32_1.0.200.202301161003/tools/bin/../lib/gcc/arm-none-eabi/10.3.1/../../../../arm-none-eabi/lib/thumb/v7e-m+fp/hard\libc_nano.a(lib_a-memset.o)
                0x0000000008002270                memset
 *(.glue_7)
 .glue_7        0x0000000008002280        0x0 linker stubs
 *(.glue_7t)
 .glue_7t       0x0000000008002280        0x0 linker stubs
 *(.eh_frame)
 .eh_frame      0x0000000008002280        0x0 c:/st/stm32cubeide_1.8.0/stm32cubeide/plugins/com.st.stm32cube.ide.mcu.externaltools.gnu-tools-for-stm32.10.3-2021.10.win32_1.0.200.202301161003/tools/bin/../lib/gcc/arm-none-eabi/10.3.1/thumb/v7e-m+fp/hard/crtbegin.o
 *(.init)
 .init          0x0000000008002280        0x4 c:/st/stm32cubeide_1.8.0/stm32cubeide/plugins/com.st.stm32cube.ide.mcu.externaltools.gnu-tools-for-stm32.10.3-2021.10.win32_1.0.200.202301161003/tools/bin/../lib/gcc/arm-none-eabi/10.3.1/thumb/v7e-m+fp/hard/crti.o
                0x0000000008002280                _init
 .init          0x0000000008002284        0x8 c:/st/stm32cubeide_1.8.0/stm32cubeide/plugins/com.st.stm32cube.ide.mcu.externaltools.gnu-tools-for-stm32.10.3-2021.10.win32_1.0.200.202301161003/tools/bin/../lib/gcc/arm-none-eabi/10.3.1/thumb/v7e-m+fp/hard/crtn.o
 *(.fini)
 .fini          0x000000000800228c        0x4 c:/st/stm32cubeide_1.8.0/stm32cubeide/plugins/com.st.stm32cube.ide.mcu.externaltools.gnu-tools-for-stm32.10.3-2021.10.win32_1.0.200.202301161003/tools/bin/../lib/gcc/arm-none-eabi/10.3.1/thumb/v7e-m+fp/hard/crti.o
                0x000000000800228c                _fini
 .fini          0x0000000008002290        0x8 c:/st/stm32cubeide_1.8.0/stm32cubeide/plugins/com.st.stm32cube.ide.mcu.externaltools.gnu-tools-for-stm32.10.3-2021.10.win32_1.0.200.202301161003/tools/bin/../lib/gcc/arm-none-eabi/10.3.1/thumb/v7e-m+fp/hard/crtn.o
                0x0000000008002298                . = ALIGN (0x4)
                0x0000000008002298                _etext = .

.vfp11_veneer   0x0000000008002298        0x0
 .vfp11_veneer  0x0000000008002298        0x0 linker stubs

.v4_bx          0x0000000008002298        0x0
 .v4_bx         0x0000000008002298        0x0 linker stubs

.iplt           0x0000000008002298        0x0
 .iplt          0x0000000008002298        0x0 c:/st/stm32cubeide_1.8.0/stm32cubeide/plugins/com.st.stm32cube.ide.mcu.externaltools.gnu-tools-for-stm32.10.3-2021.10.win32_1.0.200.202301161003/tools/bin/../lib/gcc/arm-none-eabi/10.3.1/thumb/v7e-m+fp/hard/crtbegin.o

.rodata         0x0000000008002298      0x660
                0x0000000008002298                . = ALIGN (0x4)
 *(.rodata)
 *(.rodata*)
 .rodata.main.str1.1
                0x0000000008002298       0x50 ./Core/Src/main.o
 .rodata.AHBPrescTable
                0x00000000080022e8       0x10 ./Core/Src/system_stm32f4xx.o
                0x00000000080022e8                AHBPrescTable
 .rodata.APBPrescTable
                0x00000000080022f8        0x8 ./Core/Src/system_stm32f4xx.o
                0x00000000080022f8                APBPrescTable
 .rodata.SerialDownload.str1.1
                0x0000000008002300      0x143 ./bootsrc/menu.o
 .rodata.SerialUpload.str1.1
                0x0000000008002443       0x7b ./bootsrc/menu.o
 .rodata.Main_Menu.str1.1
                0x00000000080024be      0x437 ./bootsrc/menu.o
                0x00000000080028f8                . = ALIGN (0x4)
 *fill*         0x00000000080028f5        0x3 

.ARM.extab      0x00000000080028f8        0x0
                0x00000000080028f8                . = ALIGN (0x4)
 *(.ARM.extab* .gnu.linkonce.armextab.*)
                0x00000000080028f8                . = ALIGN (0x4)

.ARM            0x00000000080028f8        0x8
                0x00000000080028f8                . = ALIGN (0x4)
                0x00000000080028f8                __exidx_start = .
 *(.ARM.exidx*)
 .ARM.exidx     0x00000000080028f8        0x8 c:/st/stm32cubeide_1.8.0/stm32cubeide/plugins/com.st.stm32cube.ide.mcu.externaltools.gnu-tools-for-stm32.10.3-2021.10.win32_1.0.200.202301161003/tools/bin/../lib/gcc/arm-none-eabi/10.3.1/thumb/v7e-m+fp/hard\libgcc.a(_udivmoddi4.o)
                0x0000000008002900                __exidx_end = .
                0x0000000008002900                . = ALIGN (0x4)

.rel.dyn        0x0000000008002900        0x0
 .rel.iplt      0x0000000008002900        0x0 c:/st/stm32cubeide_1.8.0/stm32cubeide/plugins/com.st.stm32cube.ide.mcu.externaltools.gnu-tools-for-stm32.10.3-2021.10.win32_1.0.200.202301161003/tools/bin/../lib/gcc/arm-none-eabi/10.3.1/thumb/v7e-m+fp/hard/crtbegin.o

.preinit_array  0x0000000008002900        0x0
                0x0000000008002900                . = ALIGN (0x4)
                0x0000000008002900                PROVIDE (__preinit_array_start = .)
 *(.preinit_array*)
                0x0000000008002900                PROVIDE (__preinit_array_end = .)
                0x0000000008002900                . = ALIGN (0x4)

.init_array     0x0000000008002900        0x4
                0x0000000008002900                . = ALIGN (0x4)
                0x0000000008002900                PROVIDE (__init_array_start = .)
 *(SORT_BY_NAME(.init_array.*))
 *(.init_array*)
 .init_array    0x0000000008002900        0x4 c:/st/stm32cubeide_1.8.0/stm32cubeide/plugins/com.st.stm32cube.ide.mcu.externaltools.gnu-tools-for-stm32.10.3-2021.10.win32_1.0.200.202301161003/tools/bin/../lib/gcc/arm-none-eabi/10.3.1/thumb/v7e-m+fp/hard/crtbegin.o
                0x0000000008002904                PROVIDE (__init_array_end = .)
                0x0000000008002904                . = ALIGN (0x4)

.fini_array     0x0000000008002904        0x4
                0x0000000008002904                . = ALIGN (0x4)
                [!provide]                        PROVIDE (__fini_array_start = .)
 *(SORT_BY_NAME(.fini_array.*))
 *(.fini_array*)
 .fini_array    0x0000000008002904        0x4 c:/st/stm32cubeide_1.8.0/stm32cubeide/plugins/com.st.stm32cube.ide.mcu.externaltools.gnu-tools-for-stm32.10.3-2021.10.win32_1.0.200.202301161003/tools/bin/../lib/gcc/arm-none-eabi/10.3.1/thumb/v7e-m+fp/hard/crtbegin.o
                [!provide]                        PROVIDE (__fini_array_end = .)
                0x0000000008002908                . = ALIGN (0x4)
                0x0000000008002908                _sidata = LOADADDR (.data)

.data           0x0000000020000000       0x14 load address 0x0000000008002908
                0x0000000020000000                . = ALIGN (0x4)
                0x0000000020000000                _sdata = .
 *(.data)
 *(.data*)
 .data.password
                0x0000000020000000        0x7 ./Core/Src/main.o
                0x0000000020000000                password
 *fill*         0x0000000020000007        0x1 
 .data.SystemCoreClock
                0x0000000020000008        0x4 ./Core/Src/system_stm32f4xx.o
                0x0000000020000008                SystemCoreClock
 .data.uwTickFreq
                0x000000002000000c        0x1 ./Drivers/STM32F4xx_HAL_Driver/Src/stm32f4xx_hal.o
                0x000000002000000c                uwTickFreq
 *fill*         0x000000002000000d        0x3 
 .data.uwTickPrio
                0x0000000020000010        0x4 ./Drivers/STM32F4xx_HAL_Driver/Src/stm32f4xx_hal.o
                0x0000000020000010                uwTickPrio
 *(.RamFunc)
 *(.RamFunc*)
                0x0000000020000014                . = ALIGN (0x4)
                0x0000000020000014                _edata = .

.igot.plt       0x0000000020000014        0x0 load address 0x000000000800291c
 .igot.plt      0x0000000020000014        0x0 c:/st/stm32cubeide_1.8.0/stm32cubeide/plugins/com.st.stm32cube.ide.mcu.externaltools.gnu-tools-for-stm32.10.3-2021.10.win32_1.0.200.202301161003/tools/bin/../lib/gcc/arm-none-eabi/10.3.1/thumb/v7e-m+fp/hard/crtbegin.o
                0x0000000020000014                . = ALIGN (0x4)

.bss            0x0000000020000014      0x4e8 load address 0x000000000800291c
                0x0000000020000014                _sbss = .
                0x0000000020000014                __bss_start__ = _sbss
 *(.bss)
 .bss           0x0000000020000014       0x1c c:/st/stm32cubeide_1.8.0/stm32cubeide/plugins/com.st.stm32cube.ide.mcu.externaltools.gnu-tools-for-stm32.10.3-2021.10.win32_1.0.200.202301161003/tools/bin/../lib/gcc/arm-none-eabi/10.3.1/thumb/v7e-m+fp/hard/crtbegin.o
 *(.bss*)
 .bss.buffer    0x0000000020000030        0x7 ./Core/Src/main.o
                0x0000000020000030                buffer
 *fill*         0x0000000020000037        0x1 
 .bss.hcrc      0x0000000020000038        0x8 ./Core/Src/main.o
                0x0000000020000038                hcrc
 .bss.huart2    0x0000000020000040       0x44 ./Core/Src/main.o
                0x0000000020000040                huart2
 .bss.uwTick    0x0000000020000084        0x4 ./Drivers/STM32F4xx_HAL_Driver/Src/stm32f4xx_hal.o
                0x0000000020000084                uwTick
 .bss.pFlash    0x0000000020000088       0x20 ./Drivers/STM32F4xx_HAL_Driver/Src/stm32f4xx_hal_flash.o
                0x0000000020000088                pFlash
 .bss.FlashProtection
                0x00000000200000a8        0x4 ./bootsrc/menu.o
                0x00000000200000a8                FlashProtection
 .bss.JumpAddress
                0x00000000200000ac        0x4 ./bootsrc/menu.o
                0x00000000200000ac                JumpAddress
 .bss.JumpToApplication
                0x00000000200000b0        0x4 ./bootsrc/menu.o
                0x00000000200000b0                JumpToApplication
 .bss.aFileName
                0x00000000200000b4       0x40 ./bootsrc/menu.o
                0x00000000200000b4                aFileName
 .bss.aPacketData
                0x00000000200000f4      0x406 ./bootsrc/ymodem.o
                0x00000000200000f4                aPacketData
 *(COMMON)
                0x00000000200004fc                . = ALIGN (0x4)
 *fill*         0x00000000200004fa        0x2 
                0x00000000200004fc                _ebss = .
                0x00000000200004fc                __bss_end__ = _ebss

._user_heap_stack
                0x00000000200004fc      0x604 load address 0x000000000800291c
                0x0000000020000500                . = ALIGN (0x8)
 *fill*         0x00000000200004fc        0x4 
                [!provide]                        PROVIDE (end = .)
                0x0000000020000500                PROVIDE (_end = .)
                0x0000000020000700                . = (. + _Min_Heap_Size)
 *fill*         0x0000000020000500      0x200 
                0x0000000020000b00                . = (. + _Min_Stack_Size)
 *fill*         0x0000000020000700      0x400 
                0x0000000020000b00                . = ALIGN (0x8)

/DISCARD/
 libc.a(*)
 libm.a(*)
 libgcc.a(*)

.ARM.attributes
                0x0000000000000000       0x30
 *(.ARM.attributes)
 .ARM.attributes
                0x0000000000000000       0x1e c:/st/stm32cubeide_1.8.0/stm32cubeide/plugins/com.st.stm32cube.ide.mcu.externaltools.gnu-tools-for-stm32.10.3-2021.10.win32_1.0.200.202301161003/tools/bin/../lib/gcc/arm-none-eabi/10.3.1/thumb/v7e-m+fp/hard/crti.o
 .ARM.attributes
                0x000000000000001e       0x34 c:/st/stm32cubeide_1.8.0/stm32cubeide/plugins/com.st.stm32cube.ide.mcu.externaltools.gnu-tools-for-stm32.10.3-2021.10.win32_1.0.200.202301161003/tools/bin/../lib/gcc/arm-none-eabi/10.3.1/thumb/v7e-m+fp/hard/crtbegin.o
 .ARM.attributes
                0x0000000000000052       0x34 ./Core/Src/main.o
 .ARM.attributes
                0x0000000000000086       0x34 ./Core/Src/stm32f4xx_hal_msp.o
 .ARM.attributes
                0x00000000000000ba       0x34 ./Core/Src/stm32f4xx_it.o
 .ARM.attributes
                0x00000000000000ee       0x34 ./Core/Src/system_stm32f4xx.o
 .ARM.attributes
                0x0000000000000122       0x21 ./Core/Startup/startup_stm32f411retx.o
 .ARM.attributes
                0x0000000000000143       0x34 ./Drivers/STM32F4xx_HAL_Driver/Src/stm32f4xx_hal.o
 .ARM.attributes
                0x0000000000000177       0x34 ./Drivers/STM32F4xx_HAL_Driver/Src/stm32f4xx_hal_cortex.o
 .ARM.attributes
                0x00000000000001ab       0x34 ./Drivers/STM32F4xx_HAL_Driver/Src/stm32f4xx_hal_crc.o
 .ARM.attributes
                0x00000000000001df       0x34 ./Drivers/STM32F4xx_HAL_Driver/Src/stm32f4xx_hal_flash.o
 .ARM.attributes
                0x0000000000000213       0x34 ./Drivers/STM32F4xx_HAL_Driver/Src/stm32f4xx_hal_flash_ex.o
 .ARM.attributes
                0x0000000000000247       0x34 ./Drivers/STM32F4xx_HAL_Driver/Src/stm32f4xx_hal_gpio.o
 .ARM.attributes
                0x000000000000027b       0x34 ./Drivers/STM32F4xx_HAL_Driver/Src/stm32f4xx_hal_rcc.o
 .ARM.attributes
                0x00000000000002af       0x34 ./Drivers/STM32F4xx_HAL_Driver/Src/stm32f4xx_hal_uart.o
 .ARM.attributes
                0x00000000000002e3       0x34 ./bootsrc/common.o
 .ARM.attributes
                0x0000000000000317       0x34 ./bootsrc/flash_if.o
 .ARM.attributes
                0x000000000000034b       0x34 ./bootsrc/menu.o
 .ARM.attributes
                0x000000000000037f       0x34 ./bootsrc/ymodem.o
 .ARM.attributes
                0x00000000000003b3       0x34 c:/st/stm32cubeide_1.8.0/stm32cubeide/plugins/com.st.stm32cube.ide.mcu.externaltools.gnu-tools-for-stm32.10.3-2021.10.win32_1.0.200.202301161003/tools/bin/../lib/gcc/arm-none-eabi/10.3.1/../../../../arm-none-eabi/lib/thumb/v7e-m+fp/hard\libc_nano.a(lib_a-init.o)
 .ARM.attributes
                0x00000000000003e7       0x34 c:/st/stm32cubeide_1.8.0/stm32cubeide/plugins/com.st.stm32cube.ide.mcu.externaltools.gnu-tools-for-stm32.10.3-2021.10.win32_1.0.200.202301161003/tools/bin/../lib/gcc/arm-none-eabi/10.3.1/../../../../arm-none-eabi/lib/thumb/v7e-m+fp/hard\libc_nano.a(lib_a-memset.o)
 .ARM.attributes
                0x000000000000041b       0x1c c:/st/stm32cubeide_1.8.0/stm32cubeide/plugins/com.st.stm32cube.ide.mcu.externaltools.gnu-tools-for-stm32.10.3-2021.10.win32_1.0.200.202301161003/tools/bin/../lib/gcc/arm-none-eabi/10.3.1/../../../../arm-none-eabi/lib/thumb/v7e-m+fp/hard\libc_nano.a(lib_a-strcmp.o)
 .ARM.attributes
                0x0000000000000437       0x1e c:/st/stm32cubeide_1.8.0/stm32cubeide/plugins/com.st.stm32cube.ide.mcu.externaltools.gnu-tools-for-stm32.10.3-2021.10.win32_1.0.200.202301161003/tools/bin/../lib/gcc/arm-none-eabi/10.3.1/thumb/v7e-m+fp/hard\libgcc.a(_aeabi_uldivmod.o)
 .ARM.attributes
                0x0000000000000455       0x34 c:/st/stm32cubeide_1.8.0/stm32cubeide/plugins/com.st.stm32cube.ide.mcu.externaltools.gnu-tools-for-stm32.10.3-2021.10.win32_1.0.200.202301161003/tools/bin/../lib/gcc/arm-none-eabi/10.3.1/thumb/v7e-m+fp/hard\libgcc.a(_udivmoddi4.o)
 .ARM.attributes
                0x0000000000000489       0x1e c:/st/stm32cubeide_1.8.0/stm32cubeide/plugins/com.st.stm32cube.ide.mcu.externaltools.gnu-tools-for-stm32.10.3-2021.10.win32_1.0.200.202301161003/tools/bin/../lib/gcc/arm-none-eabi/10.3.1/thumb/v7e-m+fp/hard\libgcc.a(_dvmd_tls.o)
 .ARM.attributes
                0x00000000000004a7       0x1e c:/st/stm32cubeide_1.8.0/stm32cubeide/plugins/com.st.stm32cube.ide.mcu.externaltools.gnu-tools-for-stm32.10.3-2021.10.win32_1.0.200.202301161003/tools/bin/../lib/gcc/arm-none-eabi/10.3.1/thumb/v7e-m+fp/hard/crtn.o
OUTPUT(IAP_Deneme.elf elf32-littlearm)
LOAD linker stubs
LOAD c:/st/stm32cubeide_1.8.0/stm32cubeide/plugins/com.st.stm32cube.ide.mcu.externaltools.gnu-tools-for-stm32.10.3-2021.10.win32_1.0.200.202301161003/tools/bin/../lib/gcc/arm-none-eabi/10.3.1/../../../../arm-none-eabi/lib/thumb/v7e-m+fp/hard\libc.a
LOAD c:/st/stm32cubeide_1.8.0/stm32cubeide/plugins/com.st.stm32cube.ide.mcu.externaltools.gnu-tools-for-stm32.10.3-2021.10.win32_1.0.200.202301161003/tools/bin/../lib/gcc/arm-none-eabi/10.3.1/../../../../arm-none-eabi/lib/thumb/v7e-m+fp/hard\libm.a
LOAD c:/st/stm32cubeide_1.8.0/stm32cubeide/plugins/com.st.stm32cube.ide.mcu.externaltools.gnu-tools-for-stm32.10.3-2021.10.win32_1.0.200.202301161003/tools/bin/../lib/gcc/arm-none-eabi/10.3.1/thumb/v7e-m+fp/hard\libgcc.a

.debug_info     0x0000000000000000     0xd67a
 .debug_info    0x0000000000000000     0x11cf ./Core/Src/main.o
 .debug_info    0x00000000000011cf      0xb5d ./Core/Src/stm32f4xx_hal_msp.o
 .debug_info    0x0000000000001d2c      0x121 ./Core/Src/stm32f4xx_it.o
 .debug_info    0x0000000000001e4d      0x568 ./Core/Src/system_stm32f4xx.o
 .debug_info    0x00000000000023b5       0x22 ./Core/Startup/startup_stm32f411retx.o
 .debug_info    0x00000000000023d7      0x9e1 ./Drivers/STM32F4xx_HAL_Driver/Src/stm32f4xx_hal.o
 .debug_info    0x0000000000002db8      0xffc ./Drivers/STM32F4xx_HAL_Driver/Src/stm32f4xx_hal_cortex.o
 .debug_info    0x0000000000003db4      0x402 ./Drivers/STM32F4xx_HAL_Driver/Src/stm32f4xx_hal_crc.o
 .debug_info    0x00000000000041b6      0x778 ./Drivers/STM32F4xx_HAL_Driver/Src/stm32f4xx_hal_flash.o
 .debug_info    0x000000000000492e      0xaf8 ./Drivers/STM32F4xx_HAL_Driver/Src/stm32f4xx_hal_flash_ex.o
 .debug_info    0x0000000000005426      0x7d4 ./Drivers/STM32F4xx_HAL_Driver/Src/stm32f4xx_hal_gpio.o
 .debug_info    0x0000000000005bfa      0xbba ./Drivers/STM32F4xx_HAL_Driver/Src/stm32f4xx_hal_rcc.o
 .debug_info    0x00000000000067b4     0x436b ./Drivers/STM32F4xx_HAL_Driver/Src/stm32f4xx_hal_uart.o
 .debug_info    0x000000000000ab1f      0x789 ./bootsrc/common.o
 .debug_info    0x000000000000b2a8      0x5b5 ./bootsrc/flash_if.o
 .debug_info    0x000000000000b85d      0xb68 ./bootsrc/menu.o
 .debug_info    0x000000000000c3c5     0x12b5 ./bootsrc/ymodem.o

.debug_abbrev   0x0000000000000000     0x2814
 .debug_abbrev  0x0000000000000000      0x374 ./Core/Src/main.o
 .debug_abbrev  0x0000000000000374      0x1f6 ./Core/Src/stm32f4xx_hal_msp.o
 .debug_abbrev  0x000000000000056a       0xb8 ./Core/Src/stm32f4xx_it.o
 .debug_abbrev  0x0000000000000622      0x11c ./Core/Src/system_stm32f4xx.o
 .debug_abbrev  0x000000000000073e       0x12 ./Core/Startup/startup_stm32f411retx.o
 .debug_abbrev  0x0000000000000750      0x2ba ./Drivers/STM32F4xx_HAL_Driver/Src/stm32f4xx_hal.o
 .debug_abbrev  0x0000000000000a0a      0x372 ./Drivers/STM32F4xx_HAL_Driver/Src/stm32f4xx_hal_cortex.o
 .debug_abbrev  0x0000000000000d7c      0x18c ./Drivers/STM32F4xx_HAL_Driver/Src/stm32f4xx_hal_crc.o
 .debug_abbrev  0x0000000000000f08      0x322 ./Drivers/STM32F4xx_HAL_Driver/Src/stm32f4xx_hal_flash.o
 .debug_abbrev  0x000000000000122a      0x318 ./Drivers/STM32F4xx_HAL_Driver/Src/stm32f4xx_hal_flash_ex.o
 .debug_abbrev  0x0000000000001542      0x1f0 ./Drivers/STM32F4xx_HAL_Driver/Src/stm32f4xx_hal_gpio.o
 .debug_abbrev  0x0000000000001732      0x344 ./Drivers/STM32F4xx_HAL_Driver/Src/stm32f4xx_hal_rcc.o
 .debug_abbrev  0x0000000000001a76      0x3f7 ./Drivers/STM32F4xx_HAL_Driver/Src/stm32f4xx_hal_uart.o
 .debug_abbrev  0x0000000000001e6d      0x1f8 ./bootsrc/common.o
 .debug_abbrev  0x0000000000002065      0x1e5 ./bootsrc/flash_if.o
 .debug_abbrev  0x000000000000224a      0x299 ./bootsrc/menu.o
 .debug_abbrev  0x00000000000024e3      0x331 ./bootsrc/ymodem.o

.debug_loc      0x0000000000000000     0x740d
 .debug_loc     0x0000000000000000       0x15 ./Core/Src/main.o
 .debug_loc     0x0000000000000015       0x64 ./Core/Src/stm32f4xx_hal_msp.o
 .debug_loc     0x0000000000000079      0x118 ./Core/Src/system_stm32f4xx.o
 .debug_loc     0x0000000000000191      0x139 ./Drivers/STM32F4xx_HAL_Driver/Src/stm32f4xx_hal.o
 .debug_loc     0x00000000000002ca      0x5d3 ./Drivers/STM32F4xx_HAL_Driver/Src/stm32f4xx_hal_cortex.o
 .debug_loc     0x000000000000089d      0x1f6 ./Drivers/STM32F4xx_HAL_Driver/Src/stm32f4xx_hal_crc.o
 .debug_loc     0x0000000000000a93      0x323 ./Drivers/STM32F4xx_HAL_Driver/Src/stm32f4xx_hal_flash.o
 .debug_loc     0x0000000000000db6      0x5d5 ./Drivers/STM32F4xx_HAL_Driver/Src/stm32f4xx_hal_flash_ex.o
 .debug_loc     0x000000000000138b      0x3cc ./Drivers/STM32F4xx_HAL_Driver/Src/stm32f4xx_hal_gpio.o
 .debug_loc     0x0000000000001757      0x4af ./Drivers/STM32F4xx_HAL_Driver/Src/stm32f4xx_hal_rcc.o
 .debug_loc     0x0000000000001c06     0x4415 ./Drivers/STM32F4xx_HAL_Driver/Src/stm32f4xx_hal_uart.o
 .debug_loc     0x000000000000601b      0x33c ./bootsrc/common.o
 .debug_loc     0x0000000000006357      0x1c3 ./bootsrc/flash_if.o
 .debug_loc     0x000000000000651a       0x51 ./bootsrc/menu.o
 .debug_loc     0x000000000000656b      0xea2 ./bootsrc/ymodem.o

.debug_aranges  0x0000000000000000      0x750
 .debug_aranges
                0x0000000000000000       0x30 ./Core/Src/main.o
 .debug_aranges
                0x0000000000000030       0x40 ./Core/Src/stm32f4xx_hal_msp.o
 .debug_aranges
                0x0000000000000070       0x50 ./Core/Src/stm32f4xx_it.o
 .debug_aranges
                0x00000000000000c0       0x28 ./Core/Src/system_stm32f4xx.o
 .debug_aranges
                0x00000000000000e8       0x28 ./Core/Startup/startup_stm32f411retx.o
 .debug_aranges
                0x0000000000000110       0xe8 ./Drivers/STM32F4xx_HAL_Driver/Src/stm32f4xx_hal.o
 .debug_aranges
                0x00000000000001f8       0xa8 ./Drivers/STM32F4xx_HAL_Driver/Src/stm32f4xx_hal_cortex.o
 .debug_aranges
                0x00000000000002a0       0x48 ./Drivers/STM32F4xx_HAL_Driver/Src/stm32f4xx_hal_crc.o
 .debug_aranges
                0x00000000000002e8       0x90 ./Drivers/STM32F4xx_HAL_Driver/Src/stm32f4xx_hal_flash.o
 .debug_aranges
                0x0000000000000378       0x70 ./Drivers/STM32F4xx_HAL_Driver/Src/stm32f4xx_hal_flash_ex.o
 .debug_aranges
                0x00000000000003e8       0x58 ./Drivers/STM32F4xx_HAL_Driver/Src/stm32f4xx_hal_gpio.o
 .debug_aranges
                0x0000000000000440       0x88 ./Drivers/STM32F4xx_HAL_Driver/Src/stm32f4xx_hal_rcc.o
 .debug_aranges
                0x00000000000004c8      0x1a0 ./Drivers/STM32F4xx_HAL_Driver/Src/stm32f4xx_hal_uart.o
 .debug_aranges
                0x0000000000000668       0x38 ./bootsrc/common.o
 .debug_aranges
                0x00000000000006a0       0x40 ./bootsrc/flash_if.o
 .debug_aranges
                0x00000000000006e0       0x30 ./bootsrc/menu.o
 .debug_aranges
                0x0000000000000710       0x40 ./bootsrc/ymodem.o

.debug_ranges   0x0000000000000000      0xa08
 .debug_ranges  0x0000000000000000      0x148 ./Core/Src/main.o
 .debug_ranges  0x0000000000000148       0x60 ./Core/Src/stm32f4xx_hal_msp.o
 .debug_ranges  0x00000000000001a8       0x40 ./Core/Src/stm32f4xx_it.o
 .debug_ranges  0x00000000000001e8       0x18 ./Core/Src/system_stm32f4xx.o
 .debug_ranges  0x0000000000000200       0x20 ./Core/Startup/startup_stm32f411retx.o
 .debug_ranges  0x0000000000000220       0xd8 ./Drivers/STM32F4xx_HAL_Driver/Src/stm32f4xx_hal.o
 .debug_ranges  0x00000000000002f8      0x150 ./Drivers/STM32F4xx_HAL_Driver/Src/stm32f4xx_hal_cortex.o
 .debug_ranges  0x0000000000000448       0x38 ./Drivers/STM32F4xx_HAL_Driver/Src/stm32f4xx_hal_crc.o
 .debug_ranges  0x0000000000000480       0xb0 ./Drivers/STM32F4xx_HAL_Driver/Src/stm32f4xx_hal_flash.o
 .debug_ranges  0x0000000000000530       0xf8 ./Drivers/STM32F4xx_HAL_Driver/Src/stm32f4xx_hal_flash_ex.o
 .debug_ranges  0x0000000000000628       0x68 ./Drivers/STM32F4xx_HAL_Driver/Src/stm32f4xx_hal_gpio.o
 .debug_ranges  0x0000000000000690       0xb0 ./Drivers/STM32F4xx_HAL_Driver/Src/stm32f4xx_hal_rcc.o
 .debug_ranges  0x0000000000000740      0x1a8 ./Drivers/STM32F4xx_HAL_Driver/Src/stm32f4xx_hal_uart.o
 .debug_ranges  0x00000000000008e8       0x28 ./bootsrc/common.o
 .debug_ranges  0x0000000000000910       0x30 ./bootsrc/flash_if.o
 .debug_ranges  0x0000000000000940       0x20 ./bootsrc/menu.o
 .debug_ranges  0x0000000000000960       0xa8 ./bootsrc/ymodem.o

.debug_macro    0x0000000000000000    0x166de
 .debug_macro   0x0000000000000000      0x2bd ./Core/Src/main.o
 .debug_macro   0x00000000000002bd      0xa7e ./Core/Src/main.o
 .debug_macro   0x0000000000000d3b      0x29b ./Core/Src/main.o
 .debug_macro   0x0000000000000fd6       0x2e ./Core/Src/main.o
 .debug_macro   0x0000000000001004       0x28 ./Core/Src/main.o
 .debug_macro   0x000000000000102c       0x22 ./Core/Src/main.o
 .debug_macro   0x000000000000104e       0x8e ./Core/Src/main.o
 .debug_macro   0x00000000000010dc       0x51 ./Core/Src/main.o
 .debug_macro   0x000000000000112d      0x103 ./Core/Src/main.o
 .debug_macro   0x0000000000001230       0x6a ./Core/Src/main.o
 .debug_macro   0x000000000000129a      0x1df ./Core/Src/main.o
 .debug_macro   0x0000000000001479       0x1c ./Core/Src/main.o
 .debug_macro   0x0000000000001495       0x22 ./Core/Src/main.o
 .debug_macro   0x00000000000014b7       0xd9 ./Core/Src/main.o
 .debug_macro   0x0000000000001590     0x102d ./Core/Src/main.o
 .debug_macro   0x00000000000025bd      0x11f ./Core/Src/main.o
 .debug_macro   0x00000000000026dc     0xb953 ./Core/Src/main.o
 .debug_macro   0x000000000000e02f       0x6d ./Core/Src/main.o
 .debug_macro   0x000000000000e09c     0x367e ./Core/Src/main.o
 .debug_macro   0x000000000001171a      0x174 ./Core/Src/main.o
 .debug_macro   0x000000000001188e       0x5c ./Core/Src/main.o
 .debug_macro   0x00000000000118ea      0x447 ./Core/Src/main.o
 .debug_macro   0x0000000000011d31      0x9fe ./Core/Src/main.o
 .debug_macro   0x000000000001272f      0x115 ./Core/Src/main.o
 .debug_macro   0x0000000000012844      0x11b ./Core/Src/main.o
 .debug_macro   0x000000000001295f       0xa5 ./Core/Src/main.o
 .debug_macro   0x0000000000012a04      0x15f ./Core/Src/main.o
 .debug_macro   0x0000000000012b63      0x287 ./Core/Src/main.o
 .debug_macro   0x0000000000012dea       0x5f ./Core/Src/main.o
 .debug_macro   0x0000000000012e49      0x236 ./Core/Src/main.o
 .debug_macro   0x000000000001307f       0x22 ./Core/Src/main.o
 .debug_macro   0x00000000000130a1      0x132 ./Core/Src/main.o
 .debug_macro   0x00000000000131d3      0x264 ./Core/Src/main.o
 .debug_macro   0x0000000000013437       0x2e ./Core/Src/main.o
 .debug_macro   0x0000000000013465      0x11a ./Core/Src/main.o
 .debug_macro   0x000000000001357f       0x85 ./Core/Src/main.o
 .debug_macro   0x0000000000013604       0x89 ./Core/Src/main.o
 .debug_macro   0x000000000001368d      0x295 ./Core/Src/main.o
 .debug_macro   0x0000000000013922      0x126 ./Core/Src/main.o
 .debug_macro   0x0000000000013a48       0x58 ./Core/Src/main.o
 .debug_macro   0x0000000000013aa0      0x373 ./Core/Src/main.o
 .debug_macro   0x0000000000013e13       0x9a ./Core/Src/main.o
 .debug_macro   0x0000000000013ead       0x52 ./Core/Src/main.o
 .debug_macro   0x0000000000013eff       0x1e ./Core/Src/main.o
 .debug_macro   0x0000000000013f1d       0x3c ./Core/Src/main.o
 .debug_macro   0x0000000000013f59       0x34 ./Core/Src/main.o
 .debug_macro   0x0000000000013f8d       0x16 ./Core/Src/main.o
 .debug_macro   0x0000000000013fa3       0x43 ./Core/Src/main.o
 .debug_macro   0x0000000000013fe6       0x34 ./Core/Src/main.o
 .debug_macro   0x000000000001401a       0x10 ./Core/Src/main.o
 .debug_macro   0x000000000001402a       0x58 ./Core/Src/main.o
 .debug_macro   0x0000000000014082       0x71 ./Core/Src/main.o
 .debug_macro   0x00000000000140f3       0x1c ./Core/Src/main.o
 .debug_macro   0x000000000001410f      0x12a ./Core/Src/main.o
 .debug_macro   0x0000000000014239      0x341 ./Core/Src/main.o
 .debug_macro   0x000000000001457a       0x10 ./Core/Src/main.o
 .debug_macro   0x000000000001458a       0x35 ./Core/Src/main.o
 .debug_macro   0x00000000000145bf       0x20 ./Core/Src/main.o
 .debug_macro   0x00000000000145df      0x1d3 ./Core/Src/stm32f4xx_hal_msp.o
 .debug_macro   0x00000000000147b2      0x1dd ./Core/Src/stm32f4xx_it.o
 .debug_macro   0x000000000001498f      0x1c4 ./Core/Src/system_stm32f4xx.o
 .debug_macro   0x0000000000014b53      0x224 ./Drivers/STM32F4xx_HAL_Driver/Src/stm32f4xx_hal.o
 .debug_macro   0x0000000000014d77      0x1c4 ./Drivers/STM32F4xx_HAL_Driver/Src/stm32f4xx_hal_cortex.o
 .debug_macro   0x0000000000014f3b      0x1c4 ./Drivers/STM32F4xx_HAL_Driver/Src/stm32f4xx_hal_crc.o
 .debug_macro   0x00000000000150ff      0x1ca ./Drivers/STM32F4xx_HAL_Driver/Src/stm32f4xx_hal_flash.o
 .debug_macro   0x00000000000152c9      0x1ca ./Drivers/STM32F4xx_HAL_Driver/Src/stm32f4xx_hal_flash_ex.o
 .debug_macro   0x0000000000015493      0x1ca ./Drivers/STM32F4xx_HAL_Driver/Src/stm32f4xx_hal_gpio.o
 .debug_macro   0x000000000001565d      0x1e8 ./Drivers/STM32F4xx_HAL_Driver/Src/stm32f4xx_hal_rcc.o
 .debug_macro   0x0000000000015845      0x1c5 ./Drivers/STM32F4xx_HAL_Driver/Src/stm32f4xx_hal_uart.o
 .debug_macro   0x0000000000015a0a      0x1dc ./bootsrc/common.o
 .debug_macro   0x0000000000015be6       0x40 ./bootsrc/common.o
 .debug_macro   0x0000000000015c26       0x5e ./bootsrc/common.o
 .debug_macro   0x0000000000015c84      0x1d3 ./bootsrc/flash_if.o
 .debug_macro   0x0000000000015e57      0x36d ./bootsrc/flash_if.o
 .debug_macro   0x00000000000161c4      0x200 ./bootsrc/menu.o
 .debug_macro   0x00000000000163c4       0x46 ./bootsrc/menu.o
 .debug_macro   0x000000000001640a      0x2d4 ./bootsrc/ymodem.o

.debug_line     0x0000000000000000     0xe504
 .debug_line    0x0000000000000000      0xb4d ./Core/Src/main.o
 .debug_line    0x0000000000000b4d      0x792 ./Core/Src/stm32f4xx_hal_msp.o
 .debug_line    0x00000000000012df      0x77b ./Core/Src/stm32f4xx_it.o
 .debug_line    0x0000000000001a5a      0x73e ./Core/Src/system_stm32f4xx.o
 .debug_line    0x0000000000002198       0x88 ./Core/Startup/startup_stm32f411retx.o
 .debug_line    0x0000000000002220      0xa11 ./Drivers/STM32F4xx_HAL_Driver/Src/stm32f4xx_hal.o
 .debug_line    0x0000000000002c31      0xc7e ./Drivers/STM32F4xx_HAL_Driver/Src/stm32f4xx_hal_cortex.o
 .debug_line    0x00000000000038af      0x85b ./Drivers/STM32F4xx_HAL_Driver/Src/stm32f4xx_hal_crc.o
 .debug_line    0x000000000000410a      0xc19 ./Drivers/STM32F4xx_HAL_Driver/Src/stm32f4xx_hal_flash.o
 .debug_line    0x0000000000004d23      0xc7a ./Drivers/STM32F4xx_HAL_Driver/Src/stm32f4xx_hal_flash_ex.o
 .debug_line    0x000000000000599d      0xc02 ./Drivers/STM32F4xx_HAL_Driver/Src/stm32f4xx_hal_gpio.o
 .debug_line    0x000000000000659f      0xf92 ./Drivers/STM32F4xx_HAL_Driver/Src/stm32f4xx_hal_rcc.o
 .debug_line    0x0000000000007531     0x4671 ./Drivers/STM32F4xx_HAL_Driver/Src/stm32f4xx_hal_uart.o
 .debug_line    0x000000000000bba2      0x901 ./bootsrc/common.o
 .debug_line    0x000000000000c4a3      0x876 ./bootsrc/flash_if.o
 .debug_line    0x000000000000cd19      0x895 ./bootsrc/menu.o
 .debug_line    0x000000000000d5ae      0xf56 ./bootsrc/ymodem.o

.debug_str      0x0000000000000000    0x86fc7
 .debug_str     0x0000000000000000    0x849f8 ./Core/Src/main.o
                                      0x84cdf (size before relaxing)
 .debug_str     0x00000000000849f8       0xa5 ./Core/Src/stm32f4xx_hal_msp.o
                                      0x80245 (size before relaxing)
 .debug_str     0x0000000000084a9d       0xc9 ./Core/Src/stm32f4xx_it.o
                                      0x7fbce (size before relaxing)
 .debug_str     0x0000000000084b66       0xdb ./Core/Src/system_stm32f4xx.o
                                      0x7fbe4 (size before relaxing)
 .debug_str     0x0000000000084c41       0x36 ./Core/Startup/startup_stm32f411retx.o
                                         0x76 (size before relaxing)
 .debug_str     0x0000000000084c77      0x9a5 ./Drivers/STM32F4xx_HAL_Driver/Src/stm32f4xx_hal.o
                                      0x80610 (size before relaxing)
 .debug_str     0x000000000008561c      0x354 ./Drivers/STM32F4xx_HAL_Driver/Src/stm32f4xx_hal_cortex.o
                                      0x80331 (size before relaxing)
 .debug_str     0x0000000000085970       0x9d ./Drivers/STM32F4xx_HAL_Driver/Src/stm32f4xx_hal_crc.o
                                      0x7fc00 (size before relaxing)
 .debug_str     0x0000000000085a0d      0x2ce ./Drivers/STM32F4xx_HAL_Driver/Src/stm32f4xx_hal_flash.o
                                      0x7fdc2 (size before relaxing)
 .debug_str     0x0000000000085cdb      0x2f8 ./Drivers/STM32F4xx_HAL_Driver/Src/stm32f4xx_hal_flash_ex.o
                                      0x7fee5 (size before relaxing)
 .debug_str     0x0000000000085fd3      0x10b ./Drivers/STM32F4xx_HAL_Driver/Src/stm32f4xx_hal_gpio.o
                                      0x7fd5f (size before relaxing)
 .debug_str     0x00000000000860de      0x239 ./Drivers/STM32F4xx_HAL_Driver/Src/stm32f4xx_hal_rcc.o
                                      0x80029 (size before relaxing)
 .debug_str     0x0000000000086317      0x63e ./Drivers/STM32F4xx_HAL_Driver/Src/stm32f4xx_hal_uart.o
                                      0x805b6 (size before relaxing)
 .debug_str     0x0000000000086955      0x220 ./bootsrc/common.o
                                      0x801f7 (size before relaxing)
 .debug_str     0x0000000000086b75      0x1da ./bootsrc/flash_if.o
                                      0x81506 (size before relaxing)
 .debug_str     0x0000000000086d4f       0xb3 ./bootsrc/menu.o
                                      0x81e07 (size before relaxing)
 .debug_str     0x0000000000086e02      0x1c5 ./bootsrc/ymodem.o
                                      0x84ce2 (size before relaxing)

.comment        0x0000000000000000       0x50
 .comment       0x0000000000000000       0x50 ./Core/Src/main.o
                                         0x51 (size before relaxing)
 .comment       0x0000000000000050       0x51 ./Core/Src/stm32f4xx_hal_msp.o
 .comment       0x0000000000000050       0x51 ./Core/Src/stm32f4xx_it.o
 .comment       0x0000000000000050       0x51 ./Core/Src/system_stm32f4xx.o
 .comment       0x0000000000000050       0x51 ./Drivers/STM32F4xx_HAL_Driver/Src/stm32f4xx_hal.o
 .comment       0x0000000000000050       0x51 ./Drivers/STM32F4xx_HAL_Driver/Src/stm32f4xx_hal_cortex.o
 .comment       0x0000000000000050       0x51 ./Drivers/STM32F4xx_HAL_Driver/Src/stm32f4xx_hal_crc.o
 .comment       0x0000000000000050       0x51 ./Drivers/STM32F4xx_HAL_Driver/Src/stm32f4xx_hal_flash.o
 .comment       0x0000000000000050       0x51 ./Drivers/STM32F4xx_HAL_Driver/Src/stm32f4xx_hal_flash_ex.o
 .comment       0x0000000000000050       0x51 ./Drivers/STM32F4xx_HAL_Driver/Src/stm32f4xx_hal_gpio.o
 .comment       0x0000000000000050       0x51 ./Drivers/STM32F4xx_HAL_Driver/Src/stm32f4xx_hal_rcc.o
 .comment       0x0000000000000050       0x51 ./Drivers/STM32F4xx_HAL_Driver/Src/stm32f4xx_hal_uart.o
 .comment       0x0000000000000050       0x51 ./bootsrc/common.o
 .comment       0x0000000000000050       0x51 ./bootsrc/flash_if.o
 .comment       0x0000000000000050       0x51 ./bootsrc/menu.o
 .comment       0x0000000000000050       0x51 ./bootsrc/ymodem.o

.debug_frame    0x0000000000000000     0x1278
 .debug_frame   0x0000000000000000       0x58 ./Core/Src/main.o
 .debug_frame   0x0000000000000058       0x80 ./Core/Src/stm32f4xx_hal_msp.o
 .debug_frame   0x00000000000000d8       0xa0 ./Core/Src/stm32f4xx_it.o
 .debug_frame   0x0000000000000178       0x30 ./Core/Src/system_stm32f4xx.o
 .debug_frame   0x00000000000001a8      0x1f4 ./Drivers/STM32F4xx_HAL_Driver/Src/stm32f4xx_hal.o
 .debug_frame   0x000000000000039c      0x158 ./Drivers/STM32F4xx_HAL_Driver/Src/stm32f4xx_hal_cortex.o
 .debug_frame   0x00000000000004f4       0xa4 ./Drivers/STM32F4xx_HAL_Driver/Src/stm32f4xx_hal_crc.o
 .debug_frame   0x0000000000000598      0x154 ./Drivers/STM32F4xx_HAL_Driver/Src/stm32f4xx_hal_flash.o
 .debug_frame   0x00000000000006ec       0xf0 ./Drivers/STM32F4xx_HAL_Driver/Src/stm32f4xx_hal_flash_ex.o
 .debug_frame   0x00000000000007dc       0xd4 ./Drivers/STM32F4xx_HAL_Driver/Src/stm32f4xx_hal_gpio.o
 .debug_frame   0x00000000000008b0      0x13c ./Drivers/STM32F4xx_HAL_Driver/Src/stm32f4xx_hal_rcc.o
 .debug_frame   0x00000000000009ec      0x588 ./Drivers/STM32F4xx_HAL_Driver/Src/stm32f4xx_hal_uart.o
 .debug_frame   0x0000000000000f74       0x78 ./bootsrc/common.o
 .debug_frame   0x0000000000000fec       0xa8 ./bootsrc/flash_if.o
 .debug_frame   0x0000000000001094       0x60 ./bootsrc/menu.o
 .debug_frame   0x00000000000010f4       0xb8 ./bootsrc/ymodem.o
 .debug_frame   0x00000000000011ac       0x2c c:/st/stm32cubeide_1.8.0/stm32cubeide/plugins/com.st.stm32cube.ide.mcu.externaltools.gnu-tools-for-stm32.10.3-2021.10.win32_1.0.200.202301161003/tools/bin/../lib/gcc/arm-none-eabi/10.3.1/../../../../arm-none-eabi/lib/thumb/v7e-m+fp/hard\libc_nano.a(lib_a-init.o)
 .debug_frame   0x00000000000011d8       0x20 c:/st/stm32cubeide_1.8.0/stm32cubeide/plugins/com.st.stm32cube.ide.mcu.externaltools.gnu-tools-for-stm32.10.3-2021.10.win32_1.0.200.202301161003/tools/bin/../lib/gcc/arm-none-eabi/10.3.1/../../../../arm-none-eabi/lib/thumb/v7e-m+fp/hard\libc_nano.a(lib_a-memset.o)
 .debug_frame   0x00000000000011f8       0x20 c:/st/stm32cubeide_1.8.0/stm32cubeide/plugins/com.st.stm32cube.ide.mcu.externaltools.gnu-tools-for-stm32.10.3-2021.10.win32_1.0.200.202301161003/tools/bin/../lib/gcc/arm-none-eabi/10.3.1/../../../../arm-none-eabi/lib/thumb/v7e-m+fp/hard\libc_nano.a(lib_a-strcmp.o)
 .debug_frame   0x0000000000001218       0x2c c:/st/stm32cubeide_1.8.0/stm32cubeide/plugins/com.st.stm32cube.ide.mcu.externaltools.gnu-tools-for-stm32.10.3-2021.10.win32_1.0.200.202301161003/tools/bin/../lib/gcc/arm-none-eabi/10.3.1/thumb/v7e-m+fp/hard\libgcc.a(_aeabi_uldivmod.o)
 .debug_frame   0x0000000000001244       0x34 c:/st/stm32cubeide_1.8.0/stm32cubeide/plugins/com.st.stm32cube.ide.mcu.externaltools.gnu-tools-for-stm32.10.3-2021.10.win32_1.0.200.202301161003/tools/bin/../lib/gcc/arm-none-eabi/10.3.1/thumb/v7e-m+fp/hard\libgcc.a(_udivmoddi4.o)
